label: gpt
label-id: E85CDB65-9305-431D-ADDB-51832D5DF71A
device: /dev/sdb
unit: sectors
first-lba: 34
last-lba: 976773133
sector-size: 512

/dev/sdb1 : start=        2048, size=        2048, type=21686148-6449-6E6F-744E-656564454649, uuid=02DFAB1E-98A5-40CC-9960-7AC0E15A2F70, name="BIOS"
/dev/sdb2 : start=        4096, size=        2048, type=C12A7328-F81F-11D2-BA4B-00A0C93EC93B, uuid=0BA0AAAD-FE26-4AAB-92E5-6A7893C7C8DB, name="EFI"
/dev/sdb3 : start=        6144, size=     3900107, type=0657FD6D-A4AB-43C4-84E5-0933C84B4F4F, uuid=DC7DAC47-C50D-41E9-BD14-7EA55809910C, name="SWAP"
/dev/sdb4 : start=     3907584, size=   209715200, type=0FC63DAF-8483-4772-8E79-3D69D8477DE4, uuid=6570FFC3-5CE4-EE47-8BAB-E24F52ACE024
/dev/sdb5 : start=   213622784, size=   209715200, type=0FC63DAF-8483-4772-8E79-3D69D8477DE4, uuid=5C803132-FE46-1F4B-96D0-A00769103CA5
/dev/sdb6 : start=   423337984, size=   209715200, type=0FC63DAF-8483-4772-8E79-3D69D8477DE4, uuid=4EF1F128-3AA8-D549-A4D7-BB3E8B030377
/dev/sdb7 : start=   633053184, size=   209715200, type=0FC63DAF-8483-4772-8E79-3D69D8477DE4, uuid=200BC3F8-C0A0-E243-AFB3-F41943397DFB
/dev/sdb8 : start=   842768384, size=   134004736, type=0FC63DAF-8483-4772-8E79-3D69D8477DE4, uuid=33C9E781-8935-1447-A70A-60394F556EFA
